[themelocker.tech/cleanu/index.html]
[themelocker.tech/cleanu/wp-content/uploads/2022/04/favicon.png]
[backblue.gif]
[fade.gif]
[index.html]
[themelocker.tech/cleanu/wp-includes/css/dist/block-library/style.min7404.css]
[themelocker.tech/cleanu/feed/index.html]
[themelocker.tech/cleanu/comments/feed/index.html]
[themelocker.tech/cleanu/wp-content/plugins/contact-form-7/includes/css/styles5406.css]
[themelocker.tech/cleanu/wp-content/plugins/elementor/assets/lib/eicons/css/elementor-icons.min7816.css]
[themelocker.tech/cleanu/wp-content/plugins/elementor/assets/css/frontend-legacy.min5aed.css]
[themelocker.tech/cleanu/wp-content/plugins/elementor/assets/css/frontend.min5aed.css]
[themelocker.tech/cleanu/wp-content/uploads/elementor/css/global9e9a.css]
[themelocker.tech/cleanu/wp-content/uploads/elementor/css/post-7f3e6.css]
[themelocker.tech/cleanu/wp-content/themes/cleanu/assets/css/bootstrap.min5152.css]
[themelocker.tech/cleanu/wp-content/themes/cleanu/assets/css/themify-icons5152.css]
[themelocker.tech/cleanu/wp-content/themes/cleanu/assets/css/font-awesome.min5152.css]
[themelocker.tech/cleanu/wp-content/themes/cleanu/assets/css/elegant-icons5152.css]
[themelocker.tech/cleanu/wp-content/themes/cleanu/assets/css/flaticon-set5152.css]
[themelocker.tech/cleanu/wp-content/themes/cleanu/assets/css/magnific-popup5152.css]
[themelocker.tech/cleanu/wp-content/themes/cleanu/assets/css/owl.carousel.min7404.css]
[themelocker.tech/cleanu/wp-content/themes/cleanu/assets/css/owl.theme.default.min7404.css]
[themelocker.tech/cleanu/wp-content/themes/cleanu/assets/css/animate5152.css]
[themelocker.tech/cleanu/wp-content/themes/cleanu/assets/css/bootsnav5152.css]
[themelocker.tech/cleanu/wp-content/themes/cleanu/assets/css/cleanu-unit5152.css]
[themelocker.tech/cleanu/wp-content/themes/cleanu/assets/css/style5152.css]
[themelocker.tech/cleanu/wp-content/themes/cleanu/assets/css/responsive5152.css]
[themelocker.tech/cleanu/wp-content/themes/cleanu/style7404.css]
[themelocker.tech/cleanu/wp-includes/js/jquery/jquery-migrate.mind617.js]
[themelocker.tech/cleanu/wp-includes/js/jquery/jquery.minaf6c.js]
[themelocker.tech/cleanu/wp-json/wp/v2/pages/7.json]
[themelocker.tech/cleanu/wp-json/index.html]
[themelocker.tech/cleanu/xmlrpc0db0.php]
[themelocker.tech/cleanu/wp-includes/wlwmanifest.xml]
[themelocker.tech/cleanu/wp-json/oembed/1.0/embed5962.json]
[themelocker.tech/cleanu/wp-json/oembed/1.0/embed175b]
[themelocker.tech/cleanu/wp-content/uploads/2022/04/logo.svg]
[themelocker.tech/cleanu/home-four/index.html]
[themelocker.tech/cleanu/404.22.delayed]
[themelocker.tech/cleanu/about-us/index.html]
[themelocker.tech/cleanu/team/index.html]
[themelocker.tech/cleanu/home-two/index.html]
[themelocker.tech/cleanu/home-three/index.html]
[themelocker.tech/cleanu/team-details/index.html]
[themelocker.tech/cleanu/contact-us/index.html]
[themelocker.tech/cleanu/projects/index.html]
[themelocker.tech/cleanu/garden-cleaning/index.html]
[themelocker.tech/cleanu/service-two/index.html]
[themelocker.tech/cleanu/service-one/index.html]
[themelocker.tech/cleanu/kitchen-cleaning/index.html]
[themelocker.tech/cleanu/blog/index.html]
[themelocker.tech/cleanu/wp-content/uploads/2022/03/bubble.png]
[themelocker.tech/cleanu/minuter-him-own-clothes-but-observe-country/index.html]
[themelocker.tech/cleanu/wp-content/uploads/2022/03/bubble-mini.png]
[themelocker.tech/cleanu/wp-content/uploads/2022/03/bubble-mid-1.png]
[themelocker.tech/cleanu/wp-content/uploads/2022/03/9.jpg]
[themelocker.tech/cleanu/wp-content/uploads/2022/03/7.jpg]
[themelocker.tech/cleanu/wp-content/uploads/2022/04/8.jpg]
[themelocker.tech/cleanu/wp-content/uploads/2022/03/2-3.jpg]
[themelocker.tech/cleanu/wp-content/uploads/2022/04/28.png]
[themelocker.tech/cleanu/wp-content/themes/cleanu/assets/img/bubble-light.png]
[themelocker.tech/cleanu/wp-content/uploads/2022/03/8.jpg]
[themelocker.tech/cleanu/wp-content/uploads/2022/03/5.jpg]
[themelocker.tech/cleanu/wp-content/uploads/2022/04/funfactor.png]
[themelocker.tech/cleanu/wp-content/uploads/2022/04/29.png]
[themelocker.tech/cleanu/wp-content/themes/cleanu/assets/img/workprocess_2.png]
[themelocker.tech/cleanu/wp-content/uploads/2022/03/12.jpg]
[themelocker.tech/cleanu/wp-content/uploads/2022/03/14.jpg]
[themelocker.tech/cleanu/wp-content/uploads/2022/03/13.jpg]
[themelocker.tech/cleanu/wp-content/uploads/2022/03/6.png]
[themelocker.tech/cleanu/wp-content/themes/cleanu/assets/img/app.png]
[themelocker.tech/cleanu/wp-content/uploads/2022/03/3.jpg]
[themelocker.tech/cleanu/wp-content/uploads/2022/04/26.png]
[themelocker.tech/cleanu/wp-content/uploads/2022/03/1.jpg]
[themelocker.tech/cleanu/wp-content/uploads/2022/03/5-1.jpg]
[themelocker.tech/cleanu/wp-content/uploads/2022/03/4.jpg]
[themelocker.tech/cleanu/wp-content/uploads/2022/03/2-1.jpg]
[themelocker.tech/cleanu/wp-content/themes/cleanu/assets/img/pricing.png]
[themelocker.tech/cleanu/wp-content/themes/cleanu/assets/img/bubble-right.png]
[themelocker.tech/cleanu/wp-content/uploads/2022/03/2-2.jpg]
[themelocker.tech/cleanu/wp-content/themes/cleanu/assets/img/quote.png]
[themelocker.tech/cleanu/wp-content/uploads/2022/03/1-1.jpg]
[themelocker.tech/cleanu/wp-content/uploads/2022/03/7-1.jpg]
[themelocker.tech/cleanu/wp-content/uploads/2022/04/v1-800x600.jpg]
[themelocker.tech/cleanu/wp-content/uploads/2022/04/v2-800x600.jpg]
[themelocker.tech/cleanu/wp-content/uploads/2022/04/v3-800x600.jpg]
[themelocker.tech/cleanu/wp-content/uploads/2022/04/logo-light.svg]
[themelocker.tech/cleanu/announcing-if-attachment-resolution-sentiments/index.html]
[themelocker.tech/cleanu/author/pulaknondi/index.html]
[themelocker.tech/cleanu/wp-content/uploads/2022/04/2-1.png]
[themelocker.tech/cleanu/overcame-breeding-or-my-concerns-removings/index.html]
[themelocker.tech/cleanu/wp-content/plugins/elementor/assets/lib/animations/animations.min5aed.css]
[themelocker.tech/cleanu/wp-includes/js/dist/vendor/regenerator-runtime.min3937.js]
[themelocker.tech/cleanu/wp-includes/js/dist/vendor/wp-polyfill.min2c7c.js]
[themelocker.tech/cleanu/wp-content/plugins/contact-form-7/includes/js/index5406.js]
[themelocker.tech/cleanu/wp-content/themes/cleanu/assets/js/popper.min7404.js]
[themelocker.tech/cleanu/wp-content/themes/cleanu/assets/js/bootstrap.min7404.js]
[themelocker.tech/cleanu/wp-content/themes/cleanu/assets/js/jquery.appear7404.js]
[themelocker.tech/cleanu/wp-content/themes/cleanu/assets/js/jquery.easing.min7404.js]
[themelocker.tech/cleanu/wp-content/themes/cleanu/assets/js/jquery.magnific-popup.min7404.js]
[themelocker.tech/cleanu/wp-content/themes/cleanu/assets/js/modernizr7404.js]
[themelocker.tech/cleanu/wp-content/themes/cleanu/assets/js/progress-bar.min7404.js]
[themelocker.tech/cleanu/wp-content/themes/cleanu/assets/js/owl.carousel.min7404.js]
[themelocker.tech/cleanu/wp-content/themes/cleanu/assets/js/wow.min7404.js]
[themelocker.tech/cleanu/wp-content/themes/cleanu/assets/js/isotope.pkgd.min7404.js]
[themelocker.tech/cleanu/wp-content/themes/cleanu/assets/js/imagesloaded.pkgd.min7404.js]
[themelocker.tech/cleanu/wp-content/themes/cleanu/assets/js/count-to7404.js]
[themelocker.tech/cleanu/wp-content/themes/cleanu/assets/js/jquery.nice-select.min7404.js]
[themelocker.tech/cleanu/wp-content/themes/cleanu/assets/js/jquery.event.move7404.js]
[themelocker.tech/cleanu/wp-content/themes/cleanu/assets/js/jquery.twentytwenty7404.js]
[themelocker.tech/cleanu/wp-content/themes/cleanu/assets/js/bootsnav7404.js]
[themelocker.tech/cleanu/wp-content/themes/cleanu/assets/js/main7404.js]
[themelocker.tech/cleanu/wp-content/plugins/cleanu-core/assets/js/main7404.js]
[themelocker.tech/cleanu/wp-content/plugins/mailchimp-for-wp/assets/js/forms6c42.js]
[themelocker.tech/cleanu/wp-content/plugins/elementor/assets/js/webpack.runtime.min5aed.js]
[themelocker.tech/cleanu/wp-content/plugins/elementor/assets/js/frontend-modules.min5aed.js]
[themelocker.tech/cleanu/wp-content/plugins/elementor/assets/lib/waypoints/waypoints.min05da.js]
[themelocker.tech/cleanu/wp-includes/js/jquery/ui/core.min0028.js]
[themelocker.tech/cleanu/index.html]
[themelocker.tech/cleanu/wp-includes/css/dist/block-library/style.min7404.css]
[themelocker.tech/cleanu/wp-content/plugins/contact-form-7/includes/css/styles5406.css]
[themelocker.tech/cleanu/wp-content/plugins/elementor/assets/lib/eicons/css/elementor-icons.min7816.css]
[themelocker.tech/cleanu/wp-content/plugins/elementor/assets/css/frontend-legacy.min5aed.css]
[themelocker.tech/cleanu/wp-content/plugins/elementor/assets/css/frontend.min5aed.css]
[themelocker.tech/cleanu/wp-content/uploads/elementor/css/global9e9a.css]
[themelocker.tech/cleanu/wp-content/uploads/elementor/css/post-7f3e6.css]
[themelocker.tech/cleanu/wp-content/themes/cleanu/assets/css/bootstrap.min5152.css]
[themelocker.tech/cleanu/wp-content/themes/cleanu/assets/css/font-awesome.min5152.css]
[themelocker.tech/cleanu/wp-content/themes/cleanu/assets/css/themify-icons5152.css]
[themelocker.tech/cleanu/wp-content/themes/cleanu/assets/css/elegant-icons5152.css]
[themelocker.tech/cleanu/wp-content/themes/cleanu/assets/css/flaticon-set5152.css]
[themelocker.tech/cleanu/wp-content/themes/cleanu/assets/css/magnific-popup5152.css]
[themelocker.tech/cleanu/wp-content/themes/cleanu/assets/css/owl.carousel.min7404.css]
[themelocker.tech/cleanu/wp-content/themes/cleanu/assets/css/owl.theme.default.min7404.css]
[themelocker.tech/cleanu/wp-content/themes/cleanu/assets/css/animate5152.css]
[themelocker.tech/cleanu/wp-content/themes/cleanu/assets/css/bootsnav5152.css]
[themelocker.tech/cleanu/wp-content/themes/cleanu/assets/css/style5152.css]
[themelocker.tech/cleanu/wp-content/themes/cleanu/assets/css/cleanu-unit5152.css]
[themelocker.tech/cleanu/wp-content/themes/cleanu/assets/css/responsive5152.css]
[fonts.googleapis.com/css2d77a.css]
[themelocker.tech/cleanu/wp-content/themes/cleanu/style7404.css]
[fonts.googleapis.com/css69cb.css]
[themelocker.tech/cleanu/wp-content/uploads/2022/04/logo.svg]
[themelocker.tech/cleanu/home-two/index.html]
[themelocker.tech/cleanu/home-three/index.html]
[themelocker.tech/cleanu/home-four/index.html]
[themelocker.tech/cleanu/about-us/index.html]
[themelocker.tech/cleanu/team/index.html]
[themelocker.tech/cleanu/team-details/index.html]
[themelocker.tech/cleanu/contact-us/index.html]
[themelocker.tech/cleanu/404.html]
[themelocker.tech/cleanu/projects/index.html]
[themelocker.tech/cleanu/garden-cleaning/index.html]
[themelocker.tech/cleanu/service-one/index.html]
[themelocker.tech/cleanu/service-two/index.html]
[themelocker.tech/cleanu/kitchen-cleaning/index.html]
[themelocker.tech/cleanu/blog/index.html]
[themelocker.tech/cleanu/minuter-him-own-clothes-but-observe-country/index.html]
[themelocker.tech/cleanu/author/pulaknondi/index.html]
[themelocker.tech/cleanu/overcame-breeding-or-my-concerns-removings/index.html]
[themelocker.tech/cleanu/announcing-if-attachment-resolution-sentiments/index.html]
[themelocker.tech/cleanu/wp-content/uploads/2022/04/logo-light.svg]
[themelocker.tech/cleanu/wp-content/plugins/elementor/assets/lib/animations/animations.min5aed.css]
[fonts.googleapis.com/index.html]
[s.w.org/index.html]
[themelocker.tech/cleanu/wp-content/uploads/elementor/css/post-5dd9e.css]
[themelocker.tech/cleanu/wp-content/plugins/cleanu-core/assets/vendors/flaticon/flaticon-set7404.css]
[themelocker.tech/cleanu/wp-content/plugins/elementor/assets/lib/swiper/swiper.min48f5.js]
[themelocker.tech/cleanu/wp-content/plugins/elementor/assets/lib/share-link/share-link.min5aed.js]
[themelocker.tech/cleanu/wp-content/plugins/elementor/assets/lib/dialog/dialog.mind227.js]
[themelocker.tech/cleanu/wp-content/plugins/elementor/assets/js/frontend.min5aed.js]
[themelocker.tech/cleanu/wp-content/plugins/elementor/assets/js/preloaded-modules.min5aed.js]
[themelocker.tech/cleanu/wp-content/plugins/elementor/assets/lib/eicons/fonts/eicons5519.eot]
[themelocker.tech/cleanu/wp-content/plugins/elementor/assets/lib/eicons/fonts/eicons5519.woff2]
[themelocker.tech/cleanu/wp-content/plugins/elementor/assets/lib/eicons/fonts/eicons5519.woff]
[themelocker.tech/cleanu/wp-content/plugins/elementor/assets/lib/eicons/fonts/eicons5519.ttf]
[themelocker.tech/cleanu/wp-content/plugins/elementor/assets/lib/eicons/fonts/eicons5519.svg]
[themelocker.tech/cleanu/wp-content/themes/cleanu/assets/fonts/fa-brands-400.eot]
[themelocker.tech/cleanu/wp-content/themes/cleanu/assets/fonts/fa-brands-400d41d.eot]
[themelocker.tech/cleanu/wp-content/themes/cleanu/assets/fonts/fa-brands-400.woff2]
[themelocker.tech/cleanu/wp-content/themes/cleanu/assets/fonts/fa-brands-400.woff]
[themelocker.tech/cleanu/wp-content/themes/cleanu/assets/fonts/fa-brands-400.ttf]
[themelocker.tech/cleanu/wp-content/themes/cleanu/assets/fonts/fa-brands-400.svg]
[themelocker.tech/cleanu/wp-content/themes/cleanu/assets/fonts/fa-duotone-900.eot]
[themelocker.tech/cleanu/wp-content/themes/cleanu/assets/fonts/fa-duotone-900d41d.eot]
[themelocker.tech/cleanu/wp-content/themes/cleanu/assets/fonts/fa-duotone-900.woff2]
[themelocker.tech/cleanu/wp-content/themes/cleanu/assets/fonts/fa-duotone-900.woff]
[themelocker.tech/cleanu/wp-content/themes/cleanu/assets/fonts/fa-duotone-900.ttf]
[themelocker.tech/cleanu/wp-content/themes/cleanu/assets/fonts/fa-duotone-900.svg]
[themelocker.tech/cleanu/wp-content/themes/cleanu/assets/fonts/fa-light-300.eot]
[themelocker.tech/cleanu/wp-content/themes/cleanu/assets/fonts/fa-light-300d41d.eot]
[themelocker.tech/cleanu/wp-content/themes/cleanu/assets/fonts/fa-light-300.woff2]
[themelocker.tech/cleanu/wp-content/themes/cleanu/assets/fonts/fa-light-300.woff]
[themelocker.tech/cleanu/wp-content/themes/cleanu/assets/fonts/fa-light-300.ttf]
[themelocker.tech/cleanu/wp-content/themes/cleanu/assets/fonts/fa-light-300.svg]
[themelocker.tech/cleanu/wp-content/themes/cleanu/assets/fonts/fa-regular-400.eot]
[themelocker.tech/cleanu/wp-content/themes/cleanu/assets/fonts/fa-regular-400d41d.eot]
[themelocker.tech/cleanu/wp-content/themes/cleanu/assets/fonts/fa-regular-400.woff2]
[themelocker.tech/cleanu/wp-content/themes/cleanu/assets/fonts/fa-regular-400.woff]
[themelocker.tech/cleanu/wp-content/themes/cleanu/assets/fonts/fa-regular-400.ttf]
[themelocker.tech/cleanu/wp-content/themes/cleanu/assets/fonts/fa-regular-400.svg]
[themelocker.tech/cleanu/wp-content/themes/cleanu/assets/fonts/fa-solid-900.eot]
[themelocker.tech/cleanu/wp-content/themes/cleanu/assets/fonts/fa-solid-900d41d.eot]
[themelocker.tech/cleanu/wp-content/themes/cleanu/assets/fonts/fa-solid-900.woff2]
[themelocker.tech/cleanu/wp-content/themes/cleanu/assets/fonts/fa-solid-900.woff]
[themelocker.tech/cleanu/wp-content/themes/cleanu/assets/fonts/fa-solid-900.ttf]
[themelocker.tech/cleanu/wp-content/themes/cleanu/assets/fonts/fa-solid-900.svg]
[themelocker.tech/cleanu/wp-content/themes/cleanu/assets/fonts/themify9f24.eot]
[themelocker.tech/cleanu/wp-content/themes/cleanu/assets/fonts/themifyd41d.eot]
[themelocker.tech/cleanu/wp-content/themes/cleanu/assets/fonts/themify9f24.woff]
[themelocker.tech/cleanu/wp-content/themes/cleanu/assets/fonts/themify9f24.ttf]
[themelocker.tech/cleanu/wp-content/themes/cleanu/assets/fonts/themify9f24.svg]
[themelocker.tech/cleanu/wp-content/themes/cleanu/assets/fonts/ElegantIcons.eot]
[themelocker.tech/cleanu/wp-content/themes/cleanu/assets/fonts/ElegantIconsd41d.eot]
[themelocker.tech/cleanu/wp-content/themes/cleanu/assets/fonts/ElegantIcons.woff]
[themelocker.tech/cleanu/wp-content/themes/cleanu/assets/fonts/ElegantIcons.ttf]
[themelocker.tech/cleanu/wp-content/themes/cleanu/assets/fonts/ElegantIcons.svg]
[themelocker.tech/cleanu/wp-content/themes/cleanu/assets/css/ElegantIcons.svg]
[themelocker.tech/cleanu/wp-content/themes/cleanu/assets/fonts/flaticon.eot]
[themelocker.tech/cleanu/wp-content/themes/cleanu/assets/fonts/flaticond41d.eot]
[themelocker.tech/cleanu/wp-content/themes/cleanu/assets/fonts/flaticon.woff]
[themelocker.tech/cleanu/wp-content/themes/cleanu/assets/fonts/flaticon.ttf]
[themelocker.tech/cleanu/wp-content/themes/cleanu/assets/fonts/flaticon.svg]
[themelocker.tech/cleanu/wp-content/themes/cleanu/assets/css/flaticon.svg]
[themelocker.tech/cleanu/wp-content/themes/cleanu/assets/css/owl.video.play.png]
[themelocker.tech/cleanu/wp-content/themes/cleanu/assets/img/team_2.png]
[themelocker.tech/cleanu/wp-content/themes/cleanu/assets/css/assets/img/preloader.gif]
[themelocker.tech/cleanu/wp-content/uploads/elementor/css/post-1422e8f.css]
[themelocker.tech/cleanu/wp-json/wp/v2/pages/142]
[themelocker.tech/cleanu/indexee5b.html]
[themelocker.tech/cleanu/wp-json/oembed/1.0/embed877d]
[themelocker.tech/cleanu/wp-json/oembed/1.0/embed2539]
[themelocker.tech/cleanu/wp-content/uploads/2022/03/phone-call.png]
[themelocker.tech/cleanu/wp-content/uploads/2022/03/13-1.jpg]
[themelocker.tech/cleanu/wp-content/themes/cleanu/assets/img/slider_2.png]
[themelocker.tech/cleanu/wp-content/uploads/2022/03/16.jpg]
[themelocker.tech/cleanu/wp-content/uploads/2022/04/estimate.png]
[themelocker.tech/cleanu/wp-content/uploads/2022/03/1-2.jpg]
[themelocker.tech/cleanu/wp-content/uploads/2022/03/3-1.jpg]
[themelocker.tech/cleanu/wp-content/uploads/2022/03/thumb-2.jpg]
[themelocker.tech/cleanu/wp-content/uploads/2022/03/2-5.jpg]
[themelocker.tech/cleanu/wp-content/uploads/2022/03/3-2.jpg]
[themelocker.tech/cleanu/wp-content/uploads/2022/03/8-1.jpg]
[themelocker.tech/cleanu/wp-content/uploads/2022/03/13-2.jpg]
[themelocker.tech/cleanu/wp-content/themes/cleanu/assets/img/workprocess.png]
[themelocker.tech/cleanu/wp-content/uploads/2022/04/19.png]
[themelocker.tech/cleanu/wp-content/uploads/2022/04/1-1.jpg]
[themelocker.tech/cleanu/wp-content/uploads/2022/04/2-1.jpg]
[themelocker.tech/cleanu/wp-content/uploads/2022/04/3.jpg]
[themelocker.tech/cleanu/wp-content/uploads/2022/03/v1.jpg]
[themelocker.tech/cleanu/wp-content/uploads/2022/03/2-4.jpg]
[themelocker.tech/cleanu/wp-content/uploads/2022/03/10.jpg]
[themelocker.tech/cleanu/wp-content/uploads/2022/03/5-2.jpg]
[themelocker.tech/cleanu/wp-content/uploads/2022/03/9-1.jpg]
[themelocker.tech/cleanu/wp-content/uploads/2022/04/logo-fotter.svg]
[themelocker.tech/cleanu/wp-content/uploads/elementor/css/post-2576a9f2.css]
[themelocker.tech/cleanu/wp-json/wp/v2/pages/2576]
[themelocker.tech/cleanu/index3e84.html]
[themelocker.tech/cleanu/wp-json/oembed/1.0/embedb675]
[themelocker.tech/cleanu/wp-json/oembed/1.0/embed889b]
[themelocker.tech/cleanu/wp-content/uploads/2022/04/19.jpg]
[themelocker.tech/cleanu/wp-content/uploads/2022/05/32.png]
[themelocker.tech/cleanu/wp-content/uploads/2022/05/21.png]
[themelocker.tech/cleanu/wp-content/uploads/2022/05/house.png]
[themelocker.tech/cleanu/wp-content/uploads/2022/05/cleaning-service.png]
[themelocker.tech/cleanu/wp-content/uploads/2022/05/dry-cleaning.png]
[themelocker.tech/cleanu/wp-content/uploads/2022/05/33.png]
[themelocker.tech/cleanu/wp-content/uploads/2022/05/11.jpg]
[themelocker.tech/cleanu/wp-content/uploads/2022/05/12.jpg]
[themelocker.tech/cleanu/wp-content/uploads/2022/05/3.jpg]
[themelocker.tech/cleanu/wp-content/uploads/2022/04/4-1.png]
[themelocker.tech/cleanu/wp-content/uploads/elementor/css/post-2762f917.css]
[themelocker.tech/cleanu/wp-json/wp/v2/pages/2762]
[themelocker.tech/cleanu/index22c9.html]
[themelocker.tech/cleanu/wp-json/oembed/1.0/embedcce8]
[themelocker.tech/cleanu/wp-json/oembed/1.0/embed88e6]
[themelocker.tech/cleanu/wp-content/uploads/2022/04/13.png]
[themelocker.tech/cleanu/wp-content/uploads/2022/05/35.png]
[themelocker.tech/cleanu/wp-content/uploads/2022/04/bg.png]
[themelocker.tech/cleanu/wp-content/uploads/2022/05/13.jpg]
[themelocker.tech/cleanu/wp-content/uploads/2022/05/14.jpg]
[themelocker.tech/cleanu/wp-content/uploads/elementor/css/post-1309088d.css]
[themelocker.tech/cleanu/wp-json/wp/v2/pages/1309]
[themelocker.tech/cleanu/indexdc32.html]
[themelocker.tech/cleanu/wp-json/oembed/1.0/embed0ab4]
[themelocker.tech/cleanu/wp-json/oembed/1.0/embed1de9]
[themelocker.tech/cleanu/wp-content/uploads/2022/04/2.jpg]
[themelocker.tech/cleanu/wp-content/uploads/elementor/css/post-1326b194.css]
[themelocker.tech/cleanu/wp-json/wp/v2/pages/1326]
[themelocker.tech/cleanu/index6917.html]
[themelocker.tech/cleanu/wp-json/oembed/1.0/embedf2f7]
[themelocker.tech/cleanu/wp-json/oembed/1.0/embed9c3c]
[themelocker.tech/cleanu/wp-content/uploads/2022/04/5.jpg]
[themelocker.tech/cleanu/wp-content/uploads/2022/04/4.jpg]
[themelocker.tech/cleanu/wp-content/uploads/2022/04/6.jpg]
[themelocker.tech/cleanu/wp-json/wp/v2/pages/1120]
[themelocker.tech/cleanu/index820a.html]
[themelocker.tech/cleanu/wp-json/oembed/1.0/embedc4b9]
[themelocker.tech/cleanu/wp-json/oembed/1.0/embed9968]
[themelocker.tech/cleanu/wp-json/wp/v2/pages/1331]
[themelocker.tech/cleanu/index4ac2.html]
[themelocker.tech/cleanu/wp-json/oembed/1.0/embed8cc8]
[themelocker.tech/cleanu/wp-json/oembed/1.0/embeddf09]
[themelocker.tech/cleanu/wp-content/uploads/elementor/css/post-1350421f.css]
[themelocker.tech/cleanu/wp-json/wp/v2/pages/1350]
[themelocker.tech/cleanu/index814e.html]
[themelocker.tech/cleanu/wp-json/oembed/1.0/embed3f9a]
[themelocker.tech/cleanu/wp-json/oembed/1.0/embedea51]
[themelocker.tech/cleanu/wp-content/uploads/elementor/css/post-5106c35.css]
[themelocker.tech/cleanu/wp-json/wp/v2/pages/510]
[themelocker.tech/cleanu/index912b.html]
[themelocker.tech/cleanu/wp-json/oembed/1.0/embed98e9]
[themelocker.tech/cleanu/wp-json/oembed/1.0/embed104a]
[themelocker.tech/cleanu/wp-content/uploads/2022/03/7-2.jpg]
[themelocker.tech/cleanu/wp-content/uploads/2022/03/3-3.jpg]
[themelocker.tech/cleanu/wp-content/uploads/2022/03/4-1.jpg]
[themelocker.tech/cleanu/wp-content/uploads/elementor/css/post-13741ca7.css]
[themelocker.tech/cleanu/wp-json/wp/v2/pages/1374]
[themelocker.tech/cleanu/indexccbd.html]
[themelocker.tech/cleanu/wp-json/oembed/1.0/embed36fd]
[themelocker.tech/cleanu/wp-json/oembed/1.0/embed734e]
[themelocker.tech/cleanu/wp-content/uploads/elementor/css/post-1379c9f1.css]
[themelocker.tech/cleanu/wp-json/wp/v2/pages/1379]
[themelocker.tech/cleanu/index876b.html]
[themelocker.tech/cleanu/wp-json/oembed/1.0/embedd06a]
[themelocker.tech/cleanu/wp-json/oembed/1.0/embed2774]
[themelocker.tech/cleanu/wp-content/uploads/elementor/css/post-1149139a.css]
[themelocker.tech/cleanu/wp-json/wp/v2/pages/1149]
[themelocker.tech/cleanu/index3f16.html]
[themelocker.tech/cleanu/wp-json/oembed/1.0/embedcc11]
[themelocker.tech/cleanu/wp-json/oembed/1.0/embede05b]
[themelocker.tech/cleanu/wp-content/uploads/elementor/thumbs/19-pn0wdn3pfqxe8us9mx1y4h7obl1o75nq82arezxyms.jpg]
[themelocker.tech/cleanu/wp-content/uploads/2022/04/contact.jpg]
[themelocker.tech/cleanu/wp-content/uploads/2022/04/Free-Cleaning-Proposal.pdf]
[themelocker.tech/cleanu/benefits-of-a-professional-cleaning-for-service/index.html]
[themelocker.tech/cleanu/wp-content/uploads/2022/04/v4-850x450.jpg]
[themelocker.tech/cleanu/wp-content/uploads/2022/04/v3-850x450.jpg]
[themelocker.tech/cleanu/wp-content/uploads/2022/04/v2-850x450.jpg]
[themelocker.tech/cleanu/blog/page/2/index.html]
[themelocker.tech/cleanu/tag/house-cleaning/index.html]
[themelocker.tech/cleanu/tag/indoor-cleaning/index.html]
[themelocker.tech/cleanu/tag/kitchen-cleaning/index.html]
[themelocker.tech/cleanu/tag/office-cleaning/index.html]
[themelocker.tech/cleanu/wp-content/uploads/2022/04/v4-150x150.jpg]
[themelocker.tech/cleanu/wp-content/uploads/2022/04/v3-150x150.jpg]
[themelocker.tech/cleanu/wp-content/uploads/2022/04/v2-150x150.jpg]
[themelocker.tech/cleanu/wp-content/uploads/2022/04/v1-150x150.jpg]
[themelocker.tech/cleanu/minuter-him-own-clothes-but-observe-country/feed/index.html]
[themelocker.tech/cleanu/wp-json/wp/v2/posts/1450]
[themelocker.tech/cleanu/index8569.html]
[themelocker.tech/cleanu/wp-json/oembed/1.0/embed71ee]
[themelocker.tech/cleanu/wp-json/oembed/1.0/embedf819]
[secure.gravatar.com/avatar/08019242eed91cfb385179b995151cc8aae9]
[themelocker.tech/cleanu/minuter-him-own-clothes-but-observe-country/index21b4.html]
[themelocker.tech/cleanu/wp-includes/js/comment-reply.min7404.js]
[themelocker.tech/cleanu/author/pulaknondi/feed/index.html]
[themelocker.tech/cleanu/wp-json/wp/v2/users/1]
[themelocker.tech/cleanu/wp-content/uploads/2022/04/v4.jpg]
[themelocker.tech/cleanu/wp-content/uploads/2022/04/v3.jpg]
[themelocker.tech/cleanu/wp-content/uploads/2022/04/v2.jpg]
[themelocker.tech/cleanu/author/pulaknondi/page/2/index.html]
[themelocker.tech/cleanu/overcame-breeding-or-my-concerns-removings/feed/index.html]
[themelocker.tech/cleanu/wp-json/wp/v2/posts/1447]
[themelocker.tech/cleanu/indexba9e.html]
[themelocker.tech/cleanu/wp-json/oembed/1.0/embed2fd8]
[themelocker.tech/cleanu/wp-json/oembed/1.0/embede392]
[themelocker.tech/cleanu/wp-content/uploads/2022/04/v1-850x450.jpg]
[themelocker.tech/cleanu/overcame-breeding-or-my-concerns-removings/index3094.html]
[themelocker.tech/cleanu/announcing-if-attachment-resolution-sentiments/feed/index.html]
[themelocker.tech/cleanu/wp-json/wp/v2/posts/1454]
[themelocker.tech/cleanu/index31c2.html]
[themelocker.tech/cleanu/wp-json/oembed/1.0/embed7b50]
[themelocker.tech/cleanu/wp-json/oembed/1.0/embeda857]
